2026-06-15T18:52:21.097Z RequestError: String or binary data would be truncated.
    at handleError (C:\Users\UNIPRO\Desktop\VANDIKADAI\backend\node_modules\mssql\lib\tedious\request.js:384:15)
    at Connection.emit (node:events:519:28)
    at Connection.emit (C:\Users\UNIPRO\Desktop\VANDIKADAI\backend\node_modules\tedious\lib\connection.js:1013:18)
    at RequestTokenHandler.onErrorMessage (C:\Users\UNIPRO\Desktop\VANDIKADAI\backend\node_modules\tedious\lib\token\handler.js:285:21)
    at Readable.<anonymous> (C:\Users\UNIPRO\Desktop\VANDIKADAI\backend\node_modules\tedious\lib\token\token-stream-parser.js:19:33)
    at Readable.emit (node:events:519:28)
    at addChunk (node:internal/streams/readable:561:12)
    at readableAddChunkPushObjectMode (node:internal/streams/readable:538:3)
    at Readable.push (node:internal/streams/readable:393:5)
    at nextAsync (node:internal/streams/from:194:22)
